export function getDictionaryWithPropertiesMockFakerJs() {
  throw new Error('Not implemented');
}
