/* istanbul ignore file */

export type _default = {
  name?: string;
};

export namespace _default {
  export type NoPrimaryKey = _default;
}
