/* istanbul ignore file */

/**
 * This is a simple array with properties
 */
export type ArrayWithProperties = Array<{
  foo?: string;
  bar?: string;
}>;
