/* istanbul ignore file */

/**
 * Testing slashes in string: \backwards\\\ and /forwards/// should work
 */
export type CommentWithSlashes = number;

export namespace CommentWithSlashes {
  export type NoPrimaryKey = CommentWithSlashes;
}
