/* istanbul ignore file */

/**
 * This is a model with one property with a 'any of' relationship where the options are not $ref
 */
export type CompositionWithAnyOfAnonymousWithRefIdsOnly = {
  propA?:
    | {
        propA?: string;
      }
    | string
    | number;
};

export namespace CompositionWithAnyOfAnonymousWithRefIdsOnly {
  export type NoPrimaryKey = CompositionWithAnyOfAnonymousWithRefIdsOnly;
}
