/* istanbul ignore file */
import type { ModelWithArray } from './ModelWithArray';
import type { ModelWithDictionary } from './ModelWithDictionary';
import type { ModelWithEnum } from './ModelWithEnum';
import type { ModelWithString } from './ModelWithString';

/**
 * This is a model with one property with a 'any of' relationship
 */
export type CompositionWithAnyOf = {
  propA?:
    | ModelWithString
    | ModelWithEnum
    | ModelWithArray
    | ModelWithDictionary;
};

export namespace CompositionWithAnyOf {
  export type NoPrimaryKey = CompositionWithAnyOf;
}
