/* istanbul ignore file */

/**
 * This is a string dictionary
 */
export type DictionaryWithString = Partial<Record<string, string>>;

export namespace DictionaryWithString {
  export type NoPrimaryKey = DictionaryWithString;
}
