/* istanbul ignore file */

/**
 * This is a model with one enum
 */
export type ModelWithEnumFromDescriptionWithRefIdsOnly = {
  /**
   * Success=1,Warning=2,Error=3
   */
  test?: number;
};

export namespace ModelWithEnumFromDescriptionWithRefIdsOnly {
  export type NoPrimaryKey = ModelWithEnumFromDescriptionWithRefIdsOnly;
}
