/* istanbul ignore file */

/**
 * This is a simple number
 */
export type SimpleInteger = number;
