/* istanbul ignore file */
import type { ModelWithString } from './ModelWithString';

export type SimpleReference = ModelWithString;

export namespace SimpleReference {
  export type NoPrimaryKey = SimpleReference;
}
