/* istanbul ignore file */
import { z } from 'zod';

export const ArrayWithPropertiesWithRefIdsOnlySchemaZod = z
  .array(
    z.object({
      foo: z.string().optional(),
      bar: z.string().optional(),
    }),
  )
  .min(1)
  .max(20);
export const ArrayWithPropertiesWithRefIdsOnlySchemaZodNoPrimaryKey =
  ArrayWithPropertiesWithRefIdsOnlySchemaZod;
