/* istanbul ignore file */
import { z } from 'zod';

export const CommentWithReservedCharactersSchemaZod = z.number();
export const CommentWithReservedCharactersSchemaZodNoPrimaryKey =
  CommentWithReservedCharactersSchemaZod;
