/* istanbul ignore file */
import { z } from 'zod';

export const CommentWithSlashesSchemaZod = z.number();
