/* istanbul ignore file */
import { z } from 'zod';

export const DictionaryWithPropertiesWithRefIdsOnlySchemaZod = z.record(
  z.string(),
  z.object({
    foo: z.string().optional(),
    bar: z.string().optional(),
  })
);
export const DictionaryWithPropertiesWithRefIdsOnlySchemaZodNoPrimaryKey =
  DictionaryWithPropertiesWithRefIdsOnlySchemaZod;
