/* istanbul ignore file */
import { z } from 'zod';

export const FreeFormObjectWithAdditionalPropertiesEqTrueWithRefIdsAllowedSchemaZod =
  z.record(z.string(), z.any());
export const FreeFormObjectWithAdditionalPropertiesEqTrueWithRefIdsAllowedSchemaZodNoPrimaryKey =
  FreeFormObjectWithAdditionalPropertiesEqTrueWithRefIdsAllowedSchemaZod;
