/* istanbul ignore file */
import { z } from 'zod';

export const ModelWithStringSchemaZod = z
  .object({
    prop: z.string().optional(),
  })
  .describe(`Model:ModelWithString---This is a model with one string property`);
