/* istanbul ignore file */
import { z } from 'zod';

import { ModelWithStringSchemaZod } from './ModelWithStringSchemaZod';

export const ModelThatExtendsSchemaZod = z.intersection([
  ModelWithStringSchemaZod,
  z.object({
    propExtendsA: z.string().optional(),
    propExtendsB: ModelWithStringSchemaZod,
  }),
]);
