export * from './common/models';
export * from './schema/zod';
export * from './mock/faker-js';
